Fitter report for msx_opl4
Sun Nov 17 17:02:16 2024
Quartus II Version 11.0 Build 208 07/03/2011 Service Pack 1 SJ Web Edition


---------------------
; Table of Contents ;
---------------------
  1. Legal Notice
  2. Fitter Summary
  3. Fitter Settings
  4. Parallel Compilation
  5. Pin-Out File
  6. Fitter Resource Usage Summary
  7. Input Pins
  8. Output Pins
  9. All Package Pins
 10. Output Pin Default Load For Reported TCO
 11. Fitter Resource Utilization by Entity
 12. Non-Global High Fan-Out Signals
 13. Interconnect Usage Summary
 14. LAB Macrocells
 15. Logic Cell Interconnection
 16. Fitter Device Options
 17. Fitter Messages



----------------
; Legal Notice ;
----------------
Copyright (C) 1991-2011 Altera Corporation
Your use of Altera Corporation's design tools, logic functions 
and other software and tools, and its AMPP partner logic 
functions, and any output files from any of the foregoing 
(including device programming or simulation files), and any 
associated documentation or information are expressly subject 
to the terms and conditions of the Altera Program License 
Subscription Agreement, Altera MegaCore Function License 
Agreement, or other applicable license agreement, including, 
without limitation, that your use is for the sole purpose of 
programming logic devices manufactured by Altera and sold by 
Altera or its authorized distributors.  Please refer to the 
applicable agreement for further details.



+-----------------------------------------------------------------------+
; Fitter Summary                                                        ;
+-----------------------+-----------------------------------------------+
; Fitter Status         ; Successful - Sun Nov 17 17:02:16 2024         ;
; Quartus II Version    ; 11.0 Build 208 07/03/2011 SP 1 SJ Web Edition ;
; Revision Name         ; msx_opl4                                      ;
; Top-level Entity Name ; msx_opl4                                      ;
; Family                ; MAX7000S                                      ;
; Device                ; EPM7064STC44-10                               ;
; Timing Models         ; Final                                         ;
; Total macrocells      ; 4 / 64 ( 6 % )                                ;
; Total pins            ; 17 / 36 ( 47 % )                              ;
+-----------------------+-----------------------------------------------+


+--------------------------------------------------------------------------------------------------------------+
; Fitter Settings                                                                                              ;
+----------------------------------------------------------------------------+-----------------+---------------+
; Option                                                                     ; Setting         ; Default Value ;
+----------------------------------------------------------------------------+-----------------+---------------+
; Device                                                                     ; EPM7064STC44-10 ;               ;
; Use smart compilation                                                      ; Off             ; Off           ;
; Enable parallel Assembler and TimeQuest Timing Analyzer during compilation ; On              ; On            ;
; Enable compact report table                                                ; Off             ; Off           ;
; Use TimeQuest Timing Analyzer                                              ; Off             ; Off           ;
; Optimize Timing for ECOs                                                   ; Off             ; Off           ;
; Regenerate full fit report during ECO compiles                             ; Off             ; Off           ;
; Optimize IOC Register Placement for Timing                                 ; Normal          ; Normal        ;
; Limit to One Fitting Attempt                                               ; Off             ; Off           ;
; Fitter Initial Placement Seed                                              ; 1               ; 1             ;
; Slow Slew Rate                                                             ; Off             ; Off           ;
; Fitter Effort                                                              ; Auto Fit        ; Auto Fit      ;
; Force Fitter to Avoid Periphery Placement Warnings                         ; Off             ; Off           ;
+----------------------------------------------------------------------------+-----------------+---------------+


Parallel compilation was disabled, but you have multiple processors available. Enable parallel compilation to reduce compilation time.
+-------------------------------------+
; Parallel Compilation                ;
+----------------------------+--------+
; Processors                 ; Number ;
+----------------------------+--------+
; Number detected on machine ; 8      ;
; Maximum allowed            ; 1      ;
+----------------------------+--------+


+--------------+
; Pin-Out File ;
+--------------+
The pin-out file can be found in C:/Users/crist/OneDrive/Personal/11. Electronics/OPL4/GitHub/wozblaster/hardware/cpld/msx_opl4.pin.


+------------------------------------------------------+
; Fitter Resource Usage Summary                        ;
+-----------------------------------+------------------+
; Resource                          ; Usage            ;
+-----------------------------------+------------------+
; Logic cells                       ; 4 / 64 ( 6 % )   ;
; Registers                         ; 0 / 64 ( 0 % )   ;
; Number of pterms used             ; 7                ;
; User inserted logic elements      ; 0                ;
; I/O pins                          ; 17 / 36 ( 47 % ) ;
;     -- Clock pins                 ; 0 / 2 ( 0 % )    ;
;     -- Dedicated input pins       ; 0 / 2 ( 0 % )    ;
; Global signals                    ; 0                ;
; Shareable expanders               ; 0 / 64 ( 0 % )   ;
; Parallel expanders                ; 0 / 60 ( 0 % )   ;
; Cells using turbo bit             ; 4 / 64 ( 6 % )   ;
; Maximum fan-out node              ; msx_A7           ;
; Maximum fan-out                   ; 4                ;
; Highest non-global fan-out signal ; msx_A7           ;
; Highest non-global fan-out        ; 4                ;
; Total fan-out                     ; 24               ;
; Average fan-out                   ; 1.14             ;
+-----------------------------------+------------------+


+------------------------------------------------------------------------------------------------------------------------------------------------+
; Input Pins                                                                                                                                     ;
+----------+-------+----------+-----+-----------------------+--------------------+--------+----------------+--------------+----------------------+
; Name     ; Pin # ; I/O Bank ; LAB ; Combinational Fan-Out ; Registered Fan-Out ; Global ; Input Register ; I/O Standard ; Location assigned by ;
+----------+-------+----------+-----+-----------------------+--------------------+--------+----------------+--------------+----------------------+
; msx_A1   ; 18    ; --       ; 3   ; 3                     ; 0                  ; no     ; no             ; TTL          ; User                 ;
; msx_A2   ; 19    ; --       ; 3   ; 2                     ; 0                  ; no     ; no             ; TTL          ; User                 ;
; msx_A3   ; 20    ; --       ; 3   ; 2                     ; 0                  ; no     ; no             ; TTL          ; User                 ;
; msx_A4   ; 21    ; --       ; 3   ; 2                     ; 0                  ; no     ; no             ; TTL          ; User                 ;
; msx_A5   ; 22    ; --       ; 3   ; 2                     ; 0                  ; no     ; no             ; TTL          ; User                 ;
; msx_A6   ; 14    ; --       ; 2   ; 2                     ; 0                  ; no     ; no             ; TTL          ; User                 ;
; msx_A7   ; 15    ; --       ; 2   ; 4                     ; 0                  ; no     ; no             ; TTL          ; User                 ;
; msx_IORQ ; 12    ; --       ; 2   ; 2                     ; 0                  ; no     ; no             ; TTL          ; User                 ;
; msx_RD   ; 13    ; --       ; 2   ; 1                     ; 0                  ; no     ; no             ; TTL          ; User                 ;
+----------+-------+----------+-----+-----------------------+--------------------+--------+----------------+--------------+----------------------+


+------------------------------------------------------------------------------------------------------------------------------------------------------------------------------------------------+
; Output Pins                                                                                                                                                                                    ;
+------------+-------+----------+-----+-----------------+----------------+------------+---------------+--------------+----------------------+-------+----------------------+---------------------+
; Name       ; Pin # ; I/O Bank ; LAB ; Output Register ; Slow Slew Rate ; Open Drain ; TRI Primitive ; I/O Standard ; Location assigned by ; Load  ; Output Enable Source ; Output Enable Group ;
+------------+-------+----------+-----+-----------------+----------------+------------+---------------+--------------+----------------------+-------+----------------------+---------------------+
; msx_busdir ; 11    ; --       ; 2   ; no              ; no             ; no         ; no            ; TTL          ; User                 ; 10 pF ; -                    ; -                   ;
; y_A1       ; 6     ; --       ; 1   ; no              ; no             ; no         ; no            ; TTL          ; User                 ; 10 pF ; -                    ; -                   ;
; y_A2       ; 5     ; --       ; 1   ; no              ; no             ; no         ; no            ; TTL          ; User                 ; 10 pF ; -                    ; -                   ;
; y_CS       ; 8     ; --       ; 2   ; no              ; no             ; no         ; no            ; TTL          ; User                 ; 10 pF ; -                    ; -                   ;
+------------+-------+----------+-----+-----------------+----------------+------------+---------------+--------------+----------------------+-------+----------------------+---------------------+


+-------------------------------------------------------------------------------------------------------+
; All Package Pins                                                                                      ;
+----------+------------+----------+----------------+--------+--------------+---------+-----------------+
; Location ; Pad Number ; I/O Bank ; Pin Name/Usage ; Dir.   ; I/O Standard ; Voltage ; User Assignment ;
+----------+------------+----------+----------------+--------+--------------+---------+-----------------+
; 1        ; 6          ; --       ; TDI            ; input  ; TTL          ;         ; Y               ;
; 2        ; 7          ; --       ; RESERVED       ;        ;              ;         ;                 ;
; 3        ; 8          ; --       ; RESERVED       ;        ;              ;         ;                 ;
; 4        ; 9          ; --       ; GND            ; gnd    ;              ;         ;                 ;
; 5        ; 10         ; --       ; y_A2           ; output ; TTL          ;         ; Y               ;
; 6        ; 11         ; --       ; y_A1           ; output ; TTL          ;         ; Y               ;
; 7        ; 12         ; --       ; TMS            ; input  ; TTL          ;         ; Y               ;
; 8        ; 13         ; --       ; y_CS           ; output ; TTL          ;         ; Y               ;
; 9        ; 14         ; --       ; VCC            ; power  ;              ;         ;                 ;
; 10       ; 15         ; --       ; RESERVED       ;        ;              ;         ;                 ;
; 11       ; 16         ; --       ; msx_busdir     ; output ; TTL          ;         ; Y               ;
; 12       ; 17         ; --       ; msx_IORQ       ; input  ; TTL          ;         ; Y               ;
; 13       ; 18         ; --       ; msx_RD         ; input  ; TTL          ;         ; Y               ;
; 14       ; 19         ; --       ; msx_A6         ; input  ; TTL          ;         ; Y               ;
; 15       ; 20         ; --       ; msx_A7         ; input  ; TTL          ;         ; Y               ;
; 16       ; 21         ; --       ; GND            ; gnd    ;              ;         ;                 ;
; 17       ; 22         ; --       ; VCC            ; power  ;              ;         ;                 ;
; 18       ; 23         ; --       ; msx_A1         ; input  ; TTL          ;         ; Y               ;
; 19       ; 24         ; --       ; msx_A2         ; input  ; TTL          ;         ; Y               ;
; 20       ; 25         ; --       ; msx_A3         ; input  ; TTL          ;         ; Y               ;
; 21       ; 26         ; --       ; msx_A4         ; input  ; TTL          ;         ; Y               ;
; 22       ; 27         ; --       ; msx_A5         ; input  ; TTL          ;         ; Y               ;
; 23       ; 28         ; --       ; RESERVED       ;        ;              ;         ;                 ;
; 24       ; 29         ; --       ; GND            ; gnd    ;              ;         ;                 ;
; 25       ; 30         ; --       ; RESERVED       ;        ;              ;         ;                 ;
; 26       ; 31         ; --       ; TCK            ; input  ; TTL          ;         ; Y               ;
; 27       ; 32         ; --       ; RESERVED       ;        ;              ;         ;                 ;
; 28       ; 33         ; --       ; RESERVED       ;        ;              ;         ;                 ;
; 29       ; 34         ; --       ; VCC            ; power  ;              ;         ;                 ;
; 30       ; 35         ; --       ; RESERVED       ;        ;              ;         ;                 ;
; 31       ; 36         ; --       ; RESERVED       ;        ;              ;         ;                 ;
; 32       ; 37         ; --       ; TDO            ; output ; TTL          ;         ; Y               ;
; 33       ; 38         ; --       ; RESERVED       ;        ;              ;         ;                 ;
; 34       ; 39         ; --       ; RESERVED       ;        ;              ;         ;                 ;
; 35       ; 40         ; --       ; RESERVED       ;        ;              ;         ;                 ;
; 36       ; 41         ; --       ; GND            ; gnd    ;              ;         ;                 ;
; 37       ; 42         ; --       ; GND+           ;        ;              ;         ;                 ;
; 38       ; 43         ; --       ; GND+           ;        ;              ;         ;                 ;
; 39       ; 0          ; --       ; GND+           ;        ;              ;         ;                 ;
; 40       ; 1          ; --       ; GND+           ;        ;              ;         ;                 ;
; 41       ; 2          ; --       ; VCC            ; power  ;              ;         ;                 ;
; 42       ; 3          ; --       ; RESERVED       ;        ;              ;         ;                 ;
; 43       ; 4          ; --       ; RESERVED       ;        ;              ;         ;                 ;
; 44       ; 5          ; --       ; RESERVED       ;        ;              ;         ;                 ;
+----------+------------+----------+----------------+--------+--------------+---------+-----------------+
Note: Pin directions (input, output or bidir) are based on device operating in user mode.


+-----------------------------------------------+
; Output Pin Default Load For Reported TCO      ;
+--------------+-------+------------------------+
; I/O Standard ; Load  ; Termination Resistance ;
+--------------+-------+------------------------+
; TTL          ; 10 pF ; Not Available          ;
+--------------+-------+------------------------+
Note: User assignments will override these defaults. The user specified values are listed in the Output Pins and Bidir Pins tables.


+-------------------------------------------------------------------------------------+
; Fitter Resource Utilization by Entity                                               ;
+----------------------------+------------+------+---------------------+--------------+
; Compilation Hierarchy Node ; Macrocells ; Pins ; Full Hierarchy Name ; Library Name ;
+----------------------------+------------+------+---------------------+--------------+
; |msx_opl4                  ; 4          ; 17   ; |msx_opl4           ; work         ;
+----------------------------+------------+------+---------------------+--------------+


+---------------------------------+
; Non-Global High Fan-Out Signals ;
+--------------+------------------+
; Name         ; Fan-Out          ;
+--------------+------------------+
; msx_A7       ; 4                ;
; msx_A1       ; 3                ;
; msx_IORQ     ; 2                ;
; msx_A6       ; 2                ;
; msx_A5       ; 2                ;
; msx_A4       ; 2                ;
; msx_A3       ; 2                ;
; msx_A2       ; 2                ;
; msx_RD       ; 1                ;
; msx_busdir~3 ; 1                ;
; y_CS~7       ; 1                ;
; msx_A7~1     ; 1                ;
; y_A1~1       ; 1                ;
+--------------+------------------+


+-----------------------------------------------+
; Interconnect Usage Summary                    ;
+----------------------------+------------------+
; Interconnect Resource Type ; Usage            ;
+----------------------------+------------------+
; Output enables             ; 0 / 6 ( 0 % )    ;
; PIA buffers                ; 11 / 144 ( 8 % ) ;
+----------------------------+------------------+


+----------------------------------------------------------------------+
; LAB Macrocells                                                       ;
+----------------------------------------+-----------------------------+
; Number of Macrocells  (Average = 1.00) ; Number of LABs  (Total = 2) ;
+----------------------------------------+-----------------------------+
; 0                                      ; 2                           ;
; 1                                      ; 0                           ;
; 2                                      ; 2                           ;
+----------------------------------------+-----------------------------+


+----------------------------------------------------------------------------------------------------------+
; Logic Cell Interconnection                                                                               ;
+-----+------------+--------------------------------------------------------------------------+------------+
; LAB ; Logic Cell ; Input                                                                    ; Output     ;
+-----+------------+--------------------------------------------------------------------------+------------+
;  A  ; LC1        ; msx_A1, msx_A7                                                           ; y_A1       ;
;  A  ; LC3        ; msx_A7                                                                   ; y_A2       ;
;  B  ; LC30       ; msx_A2, msx_A6, msx_IORQ, msx_A1, msx_A3, msx_A4, msx_A5, msx_A7         ; y_CS       ;
;  B  ; LC24       ; msx_RD, msx_A2, msx_A6, msx_IORQ, msx_A1, msx_A3, msx_A4, msx_A5, msx_A7 ; msx_busdir ;
+-----+------------+--------------------------------------------------------------------------+------------+


+---------------------------------------------------------------+
; Fitter Device Options                                         ;
+----------------------------------------------+----------------+
; Option                                       ; Setting        ;
+----------------------------------------------+----------------+
; Enable user-supplied start-up clock (CLKUSR) ; Off            ;
; Enable device-wide reset (DEV_CLRn)          ; Off            ;
; Enable device-wide output enable (DEV_OE)    ; Off            ;
; Enable INIT_DONE output                      ; Off            ;
; Configuration scheme                         ; Passive Serial ;
; Security bit                                 ; Off            ;
; Base pin-out file on sameframe device        ; Off            ;
+----------------------------------------------+----------------+


+-----------------+
; Fitter Messages ;
+-----------------+
Info: *******************************************************************
Info: Running Quartus II Fitter
    Info: Version 11.0 Build 208 07/03/2011 Service Pack 1 SJ Web Edition
    Info: Processing started: Sun Nov 17 17:02:16 2024
Info: Command: quartus_fit --read_settings_files=off --write_settings_files=off msx_opl4 -c msx_opl4
Warning: Parallel compilation is not licensed and has been disabled
Info: Selected device EPM7064STC44-10 for design "msx_opl4"
Warning: Ignored locations or region assignments to the following nodes
    Warning: Node "TCK" is assigned to location or region, but does not exist in design
    Warning: Node "TDI" is assigned to location or region, but does not exist in design
    Warning: Node "TDO" is assigned to location or region, but does not exist in design
    Warning: Node "TMS" is assigned to location or region, but does not exist in design
Info: Quartus II Fitter was successful. 0 errors, 6 warnings
    Info: Peak virtual memory: 258 megabytes
    Info: Processing ended: Sun Nov 17 17:02:16 2024
    Info: Elapsed time: 00:00:00
    Info: Total CPU time (on all processors): 00:00:00


